// Vitest Snapshot v1

exports[`TzRadioField > renders correctly 1`] = `
<div
  class="flex flex-col gap-1.5"
  data-v-97c91890=""
>
  <div
    class="text-xs font-black uppercase tracking-wider text-gray-800"
    data-v-97c91890=""
  >
    y 
    <!--v-if-->
  </div>
  <div
    class="flex flex-col gap-5 border p-5"
    data-v-97c91890=""
  >
    
    <div
      class="flex cursor-pointer flex-row"
      data-v-97c91890=""
    >
      <input
        class="peer inline-block cursor-pointer mr-3 mb-0.5 h-[18px] w-[18px]"
        data-v-97c91890=""
        id="x_0"
        name="x"
        type="radio"
        value="a"
      />
      <label
        class="cursor-pointer align-middle peer-checked:text-gray-800 text-black peer-checked:font-extrabold"
        data-v-97c91890=""
        for="x_0"
      >
        A 
        <!--v-if-->
      </label>
    </div>
    <div
      class="flex cursor-pointer flex-row"
      data-v-97c91890=""
    >
      <input
        class="peer inline-block cursor-pointer mr-3 mb-0.5 h-[18px] w-[18px]"
        data-v-97c91890=""
        id="x_1"
        name="x"
        type="radio"
        value="b"
      />
      <label
        class="cursor-pointer align-middle peer-checked:text-gray-800 text-black peer-checked:font-extrabold"
        data-v-97c91890=""
        for="x_1"
      >
        B 
        <!--v-if-->
      </label>
    </div>
    
  </div>
  <!--v-if-->
</div>
`;
