// Vitest Snapshot v1

exports[`TzInfoBox > renders correctly 1`] = `
<div
  class="flex flex-col gap-1.5"
>
  <!--v-if-->
  <div
    class="relative flex flex-grow flex-col gap-0 border p-4"
  >
    <div
      class="flex-grow"
    >
      
      
    </div>
    <div
      class="mt-3 text-right"
    >
      <button
        class="whitespace-nowrap rounded-sm bg-gray-100 py-2 px-3.5 text-xs font-bold uppercase leading-4 tracking-widest hover:underline focus:underline sm:px-7"
      >
        Edit
      </button>
    </div>
  </div>
</div>
`;
