// Vitest Snapshot v1

exports[`TzInputField > renders correctly 1`] = `
<div
  class="flex flex-col gap-1.5"
>
  <!--v-if-->
  <!--v-if-->
  <input
    autocomplete="off"
    class="block w-full rounded-md border-gray-300 py-3 text-base text-gray-800 placeholder-gray-400 shadow-sm focus:border-dark focus:ring-1 focus:ring-dark focus:ring-opacity-50"
    id="x"
    name="x"
    type="text"
  />
  <!--v-if-->
</div>
`;
