// Vitest Snapshot v1

exports[`renders correctly 1`] = `
<div
  cards="[object Object],[object Object],[object Object],[object Object],[object Object],[object Object]"
  class="block sm:inline-block"
>
  <!-- finance-button section -->
  <div
    class="flex flex-col items-center justify-center gap-3 rounded-md bg-[#E5EBF8] px-6 py-2 sm:flex-row sm:items-center"
  >
    <span
      class="flex-1 text-center text-sm font-bold uppercase tracking-widest text-finance"
    >
      
      <!-- Default from designs -->
       or FROM Â£13.64 pm 0%apr 
      
    </span>
    <button
      class="flex items-center justify-center gap-2 text-sm font-extrabold uppercase tracking-wider focus:ring bg-finance hover:bg-finance-dark text-white text-xs px-5 py-1.5 rounded-sm"
    >
      
      
      
      
       Apply for Finance/Credit 
      
      
    </button>
  </div>
  <div
    class="py-3 sm:px-4"
  >
    <!-- payment-methods section -->
    <button
      class="flex items-center justify-center gap-2 text-sm font-extrabold uppercase tracking-wider focus:ring bg-dark hover:bg-black text-white ring-dark px-16 py-5 rounded w-full"
    >
      
      
      
      
      Checkout
      
      
    </button>
    <!-- checkout-button section -->
    <ul
      class="my-3 mx-auto flex w-full items-center justify-around sm:max-w-[80%]"
    >
      
      
    </ul>
  </div>
</div>
`;
