// Vitest Snapshot v1

exports[`TzPaymentMethods > renders correctly 1`] = `
<div
  data-v-637e0bdc=""
>
  <div
    class="text-xs font-black uppercase leading-10 tracking-wider text-dark-fade"
    data-v-637e0bdc=""
  >
    y
  </div>
  <div
    class="flex flex-col gap-5 border p-5 xs:gap-0 xs:border-none xs:p-0"
    data-v-637e0bdc=""
  >
    
    <div
      class="flex cursor-pointer flex-row items-center xs:h-[74px] xs:border-b"
      data-v-637e0bdc=""
    >
      <input
        class="peer mr-4 inline-block h-[18px] w-[18px] cursor-pointer"
        data-v-637e0bdc=""
        id="x_0"
        name="x"
        type="radio"
        value="a"
      />
      <label
        class="flex flex-1 cursor-pointer flex-row items-center align-middle text-black peer-checked:font-extrabold peer-checked:text-gray-800"
        data-v-637e0bdc=""
        for="x_0"
      >
        <span
          class="flex-1"
          data-v-637e0bdc=""
        >
          A
        </span>
        <span
          class="hidden flex-row gap-2 xs:flex"
          data-v-637e0bdc=""
        >
          
          
        </span>
      </label>
    </div>
    <div
      class="flex cursor-pointer flex-row items-center xs:h-[74px] xs:border-b"
      data-v-637e0bdc=""
    >
      <input
        class="peer mr-4 inline-block h-[18px] w-[18px] cursor-pointer"
        data-v-637e0bdc=""
        id="x_1"
        name="x"
        type="radio"
        value="b"
      />
      <label
        class="flex flex-1 cursor-pointer flex-row items-center align-middle text-black peer-checked:font-extrabold peer-checked:text-gray-800"
        data-v-637e0bdc=""
        for="x_1"
      >
        <span
          class="flex-1"
          data-v-637e0bdc=""
        >
          B
        </span>
        <span
          class="hidden flex-row gap-2 xs:flex"
          data-v-637e0bdc=""
        >
          
          
        </span>
      </label>
    </div>
    
  </div>
  <!--v-if-->
</div>
`;
